// Jest Snapshot v1, https://goo.gl/fbAQLP

exports[`기존 사진과 바뀐게 없는지 확인해보자!! - snapshot test 1`] = `
<div>
  <div>
    철수는 14살 입니다.
  </div>
  철수의 취미 입력하기:
  <input
    type="text"
  />
  <button>
    철수랑 놀러가기
  </button>
</div>
`;
